// Jest Snapshot v1, https://goo.gl/fbAQLP

exports[`should render Dashboard component 1`] = `
<div
  className="container"
>
  <Connect(ExpenseListFilers) />
  <Connect(Component) />
</div>
`;
