// Jest Snapshot v1, https://goo.gl/fbAQLP

exports[`render expenses summary 1`] = `
ShallowWrapper {
  "length": 1,
  Symbol(enzyme.__root__): [Circular],
  Symbol(enzyme.__unrendered__): <ExpenseSummary
    expensesCount={3}
    expensesTotal={113695}
/>,
  Symbol(enzyme.__renderer__): Object {
    "batchedUpdates": [Function],
    "getNode": [Function],
    "render": [Function],
    "simulateEvent": [Function],
    "unmount": [Function],
  },
  Symbol(enzyme.__node__): Object {
    "instance": null,
    "key": undefined,
    "nodeType": "host",
    "props": Object {
      "children": <p>
        Viewing 
        3
         expenses totalling 
        $1,136.95
</p>,
    },
    "ref": null,
    "rendered": Object {
      "instance": null,
      "key": undefined,
      "nodeType": "host",
      "props": Object {
        "children": Array [
          "Viewing ",
          3,
          " expenses totalling ",
          "$1,136.95",
        ],
      },
      "ref": null,
      "rendered": Array [
        "Viewing ",
        3,
        " expenses totalling ",
        "$1,136.95",
      ],
      "type": "p",
    },
    "type": "div",
  },
  Symbol(enzyme.__nodes__): Array [
    Object {
      "instance": null,
      "key": undefined,
      "nodeType": "host",
      "props": Object {
        "children": <p>
          Viewing 
          3
           expenses totalling 
          $1,136.95
</p>,
      },
      "ref": null,
      "rendered": Object {
        "instance": null,
        "key": undefined,
        "nodeType": "host",
        "props": Object {
          "children": Array [
            "Viewing ",
            3,
            " expenses totalling ",
            "$1,136.95",
          ],
        },
        "ref": null,
        "rendered": Array [
          "Viewing ",
          3,
          " expenses totalling ",
          "$1,136.95",
        ],
        "type": "p",
      },
      "type": "div",
    },
  ],
  Symbol(enzyme.__options__): Object {
    "adapter": ReactSixteenAdapter {
      "options": Object {
        "enableComponentDidUpdateOnSetState": true,
      },
    },
  },
}
`;
