// Jest Snapshot v1, https://goo.gl/fbAQLP

exports[`render list item 1`] = `
ShallowWrapper {
  "length": 1,
  Symbol(enzyme.__root__): [Circular],
  Symbol(enzyme.__unrendered__): <Unknown
    amount={195}
    createdAt={0}
    description="Coffee"
    id="1"
    note=""
/>,
  Symbol(enzyme.__renderer__): Object {
    "batchedUpdates": [Function],
    "getNode": [Function],
    "render": [Function],
    "simulateEvent": [Function],
    "unmount": [Function],
  },
  Symbol(enzyme.__node__): Object {
    "instance": null,
    "key": undefined,
    "nodeType": "host",
    "props": Object {
      "children": Array [
        <Link
          replace={false}
          style={
                    Object {
                              "color": "#353b48",
                            }
          }
          to="/edit/1"
>
          <h3>
                    Description: 
                    Coffee
          </h3>
</Link>,
        <p>
          Amount: 
          $1.95
</p>,
        <p>
          Created: 
          January 1st,1970
</p>,
      ],
    },
    "ref": null,
    "rendered": Array [
      Object {
        "instance": null,
        "key": undefined,
        "nodeType": "class",
        "props": Object {
          "children": <h3>
            Description: 
            Coffee
</h3>,
          "replace": false,
          "style": Object {
            "color": "#353b48",
          },
          "to": "/edit/1",
        },
        "ref": null,
        "rendered": Object {
          "instance": null,
          "key": undefined,
          "nodeType": "host",
          "props": Object {
            "children": Array [
              "Description: ",
              "Coffee",
            ],
          },
          "ref": null,
          "rendered": Array [
            "Description: ",
            "Coffee",
          ],
          "type": "h3",
        },
        "type": [Function],
      },
      Object {
        "instance": null,
        "key": undefined,
        "nodeType": "host",
        "props": Object {
          "children": Array [
            "Amount: ",
            "$1.95",
          ],
        },
        "ref": null,
        "rendered": Array [
          "Amount: ",
          "$1.95",
        ],
        "type": "p",
      },
      Object {
        "instance": null,
        "key": undefined,
        "nodeType": "host",
        "props": Object {
          "children": Array [
            "Created: ",
            "January 1st,1970",
          ],
        },
        "ref": null,
        "rendered": Array [
          "Created: ",
          "January 1st,1970",
        ],
        "type": "p",
      },
    ],
    "type": "div",
  },
  Symbol(enzyme.__nodes__): Array [
    Object {
      "instance": null,
      "key": undefined,
      "nodeType": "host",
      "props": Object {
        "children": Array [
          <Link
            replace={false}
            style={
                        Object {
                                    "color": "#353b48",
                                  }
            }
            to="/edit/1"
>
            <h3>
                        Description: 
                        Coffee
            </h3>
</Link>,
          <p>
            Amount: 
            $1.95
</p>,
          <p>
            Created: 
            January 1st,1970
</p>,
        ],
      },
      "ref": null,
      "rendered": Array [
        Object {
          "instance": null,
          "key": undefined,
          "nodeType": "class",
          "props": Object {
            "children": <h3>
              Description: 
              Coffee
</h3>,
            "replace": false,
            "style": Object {
              "color": "#353b48",
            },
            "to": "/edit/1",
          },
          "ref": null,
          "rendered": Object {
            "instance": null,
            "key": undefined,
            "nodeType": "host",
            "props": Object {
              "children": Array [
                "Description: ",
                "Coffee",
              ],
            },
            "ref": null,
            "rendered": Array [
              "Description: ",
              "Coffee",
            ],
            "type": "h3",
          },
          "type": [Function],
        },
        Object {
          "instance": null,
          "key": undefined,
          "nodeType": "host",
          "props": Object {
            "children": Array [
              "Amount: ",
              "$1.95",
            ],
          },
          "ref": null,
          "rendered": Array [
            "Amount: ",
            "$1.95",
          ],
          "type": "p",
        },
        Object {
          "instance": null,
          "key": undefined,
          "nodeType": "host",
          "props": Object {
            "children": Array [
              "Created: ",
              "January 1st,1970",
            ],
          },
          "ref": null,
          "rendered": Array [
            "Created: ",
            "January 1st,1970",
          ],
          "type": "p",
        },
      ],
      "type": "div",
    },
  ],
  Symbol(enzyme.__options__): Object {
    "adapter": ReactSixteenAdapter {
      "options": Object {
        "enableComponentDidUpdateOnSetState": true,
      },
    },
  },
}
`;
