// Jest Snapshot v1, https://goo.gl/fbAQLP

exports[`should render login 1`] = `
ShallowWrapper {
  "length": 1,
  Symbol(enzyme.__root__): [Circular],
  Symbol(enzyme.__unrendered__): <LoginComponent
    startLogin={[Function]}
/>,
  Symbol(enzyme.__renderer__): Object {
    "batchedUpdates": [Function],
    "getNode": [Function],
    "render": [Function],
    "simulateEvent": [Function],
    "unmount": [Function],
  },
  Symbol(enzyme.__node__): Object {
    "instance": null,
    "key": undefined,
    "nodeType": "host",
    "props": Object {
      "children": <RaisedButton
        disabled={false}
        fullWidth={false}
        label="Login"
        labelPosition="after"
        onClick={[Function]}
        primary={true}
        secondary={false}
/>,
      "className": "container",
    },
    "ref": null,
    "rendered": Object {
      "instance": null,
      "key": undefined,
      "nodeType": "class",
      "props": Object {
        "disabled": false,
        "fullWidth": false,
        "label": "Login",
        "labelPosition": "after",
        "onClick": [Function],
        "primary": true,
        "secondary": false,
      },
      "ref": null,
      "rendered": null,
      "type": [Function],
    },
    "type": "div",
  },
  Symbol(enzyme.__nodes__): Array [
    Object {
      "instance": null,
      "key": undefined,
      "nodeType": "host",
      "props": Object {
        "children": <RaisedButton
          disabled={false}
          fullWidth={false}
          label="Login"
          labelPosition="after"
          onClick={[Function]}
          primary={true}
          secondary={false}
/>,
        "className": "container",
      },
      "ref": null,
      "rendered": Object {
        "instance": null,
        "key": undefined,
        "nodeType": "class",
        "props": Object {
          "disabled": false,
          "fullWidth": false,
          "label": "Login",
          "labelPosition": "after",
          "onClick": [Function],
          "primary": true,
          "secondary": false,
        },
        "ref": null,
        "rendered": null,
        "type": [Function],
      },
      "type": "div",
    },
  ],
  Symbol(enzyme.__options__): Object {
    "adapter": ReactSixteenAdapter {
      "options": Object {
        "enableComponentDidUpdateOnSetState": true,
      },
    },
  },
}
`;
