// Jest Snapshot v1, https://goo.gl/fbAQLP

exports[`should render Drawer component 1`] = `
<div>
  Not Found
  <Link
    replace={false}
    to="/"
  >
    Go Home
  </Link>
</div>
`;
